D:\tour-webservice\src\main\java\com\goroamindia\tour\config\DatabaseConfig.java
D:\tour-webservice\src\main\java\com\goroamindia\tour\controller\PlaceController.java
D:\tour-webservice\src\main\java\com\goroamindia\tour\controller\RatnagiriController.java
D:\tour-webservice\src\main\java\com\goroamindia\tour\model\PlaceDetails.java
D:\tour-webservice\src\main\java\com\goroamindia\tour\model\PlaceType.java
D:\tour-webservice\src\main\java\com\goroamindia\tour\model\TravelInfo.java
D:\tour-webservice\src\main\java\com\goroamindia\tour\repository\PlaceDetailsRepository.java
D:\tour-webservice\src\main\java\com\goroamindia\tour\repository\PlaceTypeRepository.java
D:\tour-webservice\src\main\java\com\goroamindia\tour\repository\RatnagiriRepository.java
D:\tour-webservice\src\main\java\com\goroamindia\tour\service\impl\PlaceServiceImpl.java
D:\tour-webservice\src\main\java\com\goroamindia\tour\service\impl\RatnagiriServiceImpl.java
D:\tour-webservice\src\main\java\com\goroamindia\tour\service\PlaceService.java
D:\tour-webservice\src\main\java\com\goroamindia\tour\service\RatnagiriService.java
D:\tour-webservice\src\main\java\com\goroamindia\tour\ServletInitializer.java
D:\tour-webservice\src\main\java\com\goroamindia\tour\TourWebserviceApplication.java
